To honour the JVM settings for this build a single-use Daemon process will be forked. For more on this, please refer to https://docs.gradle.org/8.5/userguide/gradle_daemon.html#sec:disabling_the_daemon in the Gradle documentation.
Daemon will be stopped at the end of the build 

> Configure project :auto-test
? Using gpg command for signing (local mode)
WARNING: We recommend using a newer Android Gradle plugin to use compileSdk = 34

This Android Gradle plugin (8.1.0) was tested up to compileSdk = 33 (and compileSdkPreview = "UpsideDownCakePrivacySandbox").

You are strongly encouraged to update your project to use a newer
Android Gradle plugin that has been tested with compileSdk = 34.

If you are already using the latest version of the Android Gradle plugin,
you may need to wait until a newer version with support for compileSdk = 34 is available.

To suppress this warning, add/update
    android.suppressUnsupportedCompileSdk=34
to this project's gradle.properties.

> Task :auto-test:preBuild UP-TO-DATE
> Task :auto-test:preReleaseBuild UP-TO-DATE
> Task :auto-test:mergeReleaseJniLibFolders UP-TO-DATE
> Task :auto-test:mergeReleaseNativeLibs NO-SOURCE
> Task :auto-test:stripReleaseDebugSymbols NO-SOURCE
> Task :auto-test:copyReleaseJniLibsProjectAndLocalJars UP-TO-DATE
> Task :auto-test:generateReleaseResValues UP-TO-DATE
> Task :auto-test:extractDeepLinksForAarRelease UP-TO-DATE
> Task :auto-test:dataBindingMergeDependencyArtifactsRelease UP-TO-DATE
> Task :auto-test:generateReleaseResources UP-TO-DATE
> Task :auto-test:packageReleaseResources UP-TO-DATE
> Task :auto-test:parseReleaseLocalResources UP-TO-DATE
> Task :auto-test:dataBindingGenBaseClassesRelease UP-TO-DATE
> Task :auto-test:generateReleaseBuildConfig UP-TO-DATE
> Task :auto-test:processReleaseManifest UP-TO-DATE
> Task :auto-test:generateReleaseRFile UP-TO-DATE
> Task :auto-test:extractReleaseAnnotations UP-TO-DATE
> Task :auto-test:javaPreCompileRelease UP-TO-DATE

> Task :auto-test:compileReleaseJavaWithJavac FAILED
D:\GitHub\LYH20001111\Android-AutoTest\auto-test\src\main\java\com\hudou\autotest\adapter\ItemDecoration.java:11: 错误: 程序包androidx.recyclerview.widget不存在
import androidx.recyclerview.widget.GridLayoutManager;
                                   ^
D:\GitHub\LYH20001111\Android-AutoTest\auto-test\src\main\java\com\hudou\autotest\adapter\ItemDecoration.java:12: 错误: 程序包androidx.recyclerview.widget不存在
import androidx.recyclerview.widget.RecyclerView;
                                   ^
D:\GitHub\LYH20001111\Android-AutoTest\auto-test\src\main\java\com\hudou\autotest\adapter\ItemDecoration.java:13: 错误: 程序包androidx.recyclerview.widget不存在
import androidx.recyclerview.widget.StaggeredGridLayoutManager;
                                   ^
D:\GitHub\LYH20001111\Android-AutoTest\auto-test\src\main\java\com\hudou\autotest\adapter\ItemDecoration.java:15: 错误: 程序包RecyclerView不存在
public class ItemDecoration extends RecyclerView.ItemDecoration {
                                                ^
D:\GitHub\LYH20001111\Android-AutoTest\auto-test\src\main\java\com\hudou\autotest\adapter\ItemDecoration.java:26: 错误: 找不到符号
    public void onDraw(@NonNull Canvas c, @NonNull RecyclerView parent, @NonNull RecyclerView.State state) {
                                                   ^
  符号:   类 RecyclerView
  位置: 类 ItemDecoration
D:\GitHub\LYH20001111\Android-AutoTest\auto-test\src\main\java\com\hudou\autotest\adapter\ItemDecoration.java:26: 错误: 程序包RecyclerView不存在
    public void onDraw(@NonNull Canvas c, @NonNull RecyclerView parent, @NonNull RecyclerView.State state) {
                                                                                             ^
D:\GitHub\LYH20001111\Android-AutoTest\auto-test\src\main\java\com\hudou\autotest\adapter\ItemDecoration.java:33: 错误: 找不到符号
    public void onDrawOver(@NonNull Canvas c, @NonNull RecyclerView parent, @NonNull RecyclerView.State state) {
                                                       ^
  符号:   类 RecyclerView
  位置: 类 ItemDecoration
D:\GitHub\LYH20001111\Android-AutoTest\auto-test\src\main\java\com\hudou\autotest\adapter\ItemDecoration.java:33: 错误: 程序包RecyclerView不存在
    public void onDrawOver(@NonNull Canvas c, @NonNull RecyclerView parent, @NonNull RecyclerView.State state) {
                                                                                                 ^
D:\GitHub\LYH20001111\Android-AutoTest\auto-test\src\main\java\com\hudou\autotest\adapter\ItemDecoration.java:38: 错误: 找不到符号
    public void getItemOffsets(@NonNull Rect outRect, @NonNull View view, @NonNull RecyclerView parent, @NonNull RecyclerView.State state) {
                                                                                   ^
  符号:   类 RecyclerView
  位置: 类 ItemDecoration
D:\GitHub\LYH20001111\Android-AutoTest\auto-test\src\main\java\com\hudou\autotest\adapter\ItemDecoration.java:38: 错误: 程序包RecyclerView不存在
    public void getItemOffsets(@NonNull Rect outRect, @NonNull View view, @NonNull RecyclerView parent, @NonNull RecyclerView.State state) {
                                                                                                                             ^
D:\GitHub\LYH20001111\Android-AutoTest\auto-test\src\main\java\com\hudou\autotest\adapter\ItemDecoration.java:56: 错误: 找不到符号
    public void drawHorizontal(Canvas c, RecyclerView parent) {
                                         ^
  符号:   类 RecyclerView
  位置: 类 ItemDecoration
D:\GitHub\LYH20001111\Android-AutoTest\auto-test\src\main\java\com\hudou\autotest\adapter\ItemDecoration.java:70: 错误: 找不到符号
    public void drawVertical(Canvas c, RecyclerView parent) {
                                       ^
  符号:   类 RecyclerView
  位置: 类 ItemDecoration
D:\GitHub\LYH20001111\Android-AutoTest\auto-test\src\main\java\com\hudou\autotest\adapter\ItemDecoration.java:84: 错误: 找不到符号
    private int getSpanCount(RecyclerView parent) {
                             ^
  符号:   类 RecyclerView
  位置: 类 ItemDecoration
D:\GitHub\LYH20001111\Android-AutoTest\auto-test\src\main\java\com\hudou\autotest\adapter\ItemDecoration.java:96: 错误: 找不到符号
    private boolean isLastColum(RecyclerView parent, int pos, int spanCount, int childCount) {
                                ^
  符号:   类 RecyclerView
  位置: 类 ItemDecoration
D:\GitHub\LYH20001111\Android-AutoTest\auto-test\src\main\java\com\hudou\autotest\adapter\ItemDecoration.java:120: 错误: 找不到符号
    private boolean isLastRaw(RecyclerView parent, int pos, int spanCount,
                              ^
  符号:   类 RecyclerView
  位置: 类 ItemDecoration
D:\GitHub\LYH20001111\Android-AutoTest\auto-test\src\main\java\com\hudou\autotest\adapter\MyPagerAdapter.java:10: 错误: 程序包androidx.fragment.app不存在
import androidx.fragment.app.Fragment;
                            ^
D:\GitHub\LYH20001111\Android-AutoTest\auto-test\src\main\java\com\hudou\autotest\adapter\MyPagerAdapter.java:11: 错误: 程序包androidx.fragment.app不存在
import androidx.fragment.app.FragmentManager;
                            ^
D:\GitHub\LYH20001111\Android-AutoTest\auto-test\src\main\java\com\hudou\autotest\adapter\MyPagerAdapter.java:12: 错误: 程序包androidx.viewpager.widget不存在
import androidx.viewpager.widget.PagerAdapter;
                                ^
D:\GitHub\LYH20001111\Android-AutoTest\auto-test\src\main\java\com\hudou\autotest\adapter\MyPagerAdapter.java:13: 错误: 程序包androidx.viewpager.widget不存在
import androidx.viewpager.widget.ViewPager;
                                ^
D:\GitHub\LYH20001111\Android-AutoTest\auto-test\src\main\java\com\hudou\autotest\adapter\MyPagerAdapter.java:20: 错误: 找不到符号
public class MyPagerAdapter extends PagerAdapter {
                                    ^
  符号: 类 PagerAdapter
D:\GitHub\LYH20001111\Android-AutoTest\auto-test\src\main\java\com\hudou\autotest\adapter\MyPagerAdapter.java:21: 错误: 找不到符号
    private final FragmentManager fragmentManager;
                  ^
  符号:   类 FragmentManager
  位置: 类 MyPagerAdapter
D:\GitHub\LYH20001111\Android-AutoTest\auto-test\src\main\java\com\hudou\autotest\adapter\MyPagerAdapter.java:22: 错误: 找不到符号
    private final List<Fragment> fragmentList;
                       ^
  符号:   类 Fragment
  位置: 类 MyPagerAdapter
D:\GitHub\LYH20001111\Android-AutoTest\auto-test\src\main\java\com\hudou\autotest\adapter\MyPagerAdapter.java:26: 错误: 找不到符号
    public MyPagerAdapter(Context mContext, List<Fragment> fragmentList, FragmentManager fragmentManager) {
                                                 ^
  符号:   类 Fragment
  位置: 类 MyPagerAdapter
D:\GitHub\LYH20001111\Android-AutoTest\auto-test\src\main\java\com\hudou\autotest\adapter\MyPagerAdapter.java:26: 错误: 找不到符号
    public MyPagerAdapter(Context mContext, List<Fragment> fragmentList, FragmentManager fragmentManager) {
                                                                         ^
  符号:   类 FragmentManager
  位置: 类 MyPagerAdapter
D:\GitHub\LYH20001111\Android-AutoTest\auto-test\src\main\java\com\hudou\autotest\adapter\MyPagerAdapter.java:85: 错误: 找不到符号
    public Fragment getItem(int position) {
           ^
  符号:   类 Fragment
  位置: 类 MyPagerAdapter
D:\GitHub\LYH20001111\Android-AutoTest\auto-test\src\main\java\com\hudou\autotest\adapter\MyRecycleAdapter.java:13: 错误: 程序包androidx.fragment.app不存在
import androidx.fragment.app.FragmentActivity;
                            ^
D:\GitHub\LYH20001111\Android-AutoTest\auto-test\src\main\java\com\hudou\autotest\adapter\MyRecycleAdapter.java:14: 错误: 程序包androidx.fragment.app不存在
import androidx.fragment.app.FragmentManager;
                            ^
D:\GitHub\LYH20001111\Android-AutoTest\auto-test\src\main\java\com\hudou\autotest\adapter\MyRecycleAdapter.java:15: 错误: 程序包androidx.recyclerview.widget不存在
import androidx.recyclerview.widget.RecyclerView;
                                   ^
D:\GitHub\LYH20001111\Android-AutoTest\auto-test\src\main\java\com\hudou\autotest\adapter\MyRecycleAdapter.java:24: 错误: 程序包RecyclerView不存在
public class MyRecycleAdapter extends RecyclerView.Adapter<MyRecycleAdapter.RecycleViewHolder> {
                                                  ^
D:\GitHub\LYH20001111\Android-AutoTest\auto-test\src\main\java\com\hudou\autotest\adapter\MyRecycleAdapter.java:68: 错误: 程序包RecyclerView不存在
    static class RecycleViewHolder extends RecyclerView.ViewHolder {
                                                       ^
D:\GitHub\LYH20001111\Android-AutoTest\auto-test\src\main\java\com\hudou\autotest\fragment\OptionsFragment.java:14: 错误: 程序包androidx.fragment.app不存在
import androidx.fragment.app.FragmentManager;
                            ^
D:\GitHub\LYH20001111\Android-AutoTest\auto-test\src\main\java\com\hudou\autotest\base\fragment\BaseFragment.java:11: 错误: 程序包androidx.fragment.app不存在
import androidx.fragment.app.Fragment;
                            ^
D:\GitHub\LYH20001111\Android-AutoTest\auto-test\src\main\java\com\hudou\autotest\base\fragment\BaseFragment.java:20: 错误: 找不到符号
public class BaseFragment<VB extends ViewBinding/*, VM extends ViewModel*/> extends Fragment implements FragmentInterface {
                                                                                    ^
  符号: 类 Fragment
D:\GitHub\LYH20001111\Android-AutoTest\auto-test\src\main\java\com\hudou\autotest\adapter\MyRecycleAdapter.java:27: 错误: 找不到符号
    private final FragmentActivity activity;
                  ^
  符号:   类 FragmentActivity
  位置: 类 MyRecycleAdapter
D:\GitHub\LYH20001111\Android-AutoTest\auto-test\src\main\java\com\hudou\autotest\adapter\MyRecycleAdapter.java:29: 错误: 找不到符号
    public MyRecycleAdapter(FragmentActivity activity, ArrayList<Item> itemList) {
                            ^
  符号:   类 FragmentActivity
  位置: 类 MyRecycleAdapter
D:\GitHub\LYH20001111\Android-AutoTest\auto-test\src\main\java\com\hudou\autotest\base\activity\AutoTestMainActivity.java:18: 错误: 程序包androidx.appcompat.app不存在
import androidx.appcompat.app.AppCompatActivity;
                             ^
D:\GitHub\LYH20001111\Android-AutoTest\auto-test\src\main\java\com\hudou\autotest\base\activity\AutoTestMainActivity.java:19: 错误: 程序包androidx.fragment.app不存在
import androidx.fragment.app.Fragment;
                            ^
D:\GitHub\LYH20001111\Android-AutoTest\auto-test\src\main\java\com\hudou\autotest\base\activity\AutoTestMainActivity.java:20: 错误: 程序包androidx.viewpager.widget不存在
import androidx.viewpager.widget.ViewPager;
                                ^
D:\GitHub\LYH20001111\Android-AutoTest\auto-test\src\main\java\com\hudou\autotest\base\activity\AutoTestMainActivity.java:22: 错误: 程序包com.google.android.material.dialog不存在
import com.google.android.material.dialog.MaterialAlertDialogBuilder;
                                         ^
D:\GitHub\LYH20001111\Android-AutoTest\auto-test\src\main\java\com\hudou\autotest\base\activity\AutoTestMainActivity.java:23: 错误: 程序包com.google.android.material.tabs不存在
import com.google.android.material.tabs.TabLayout;
                                       ^
D:\GitHub\LYH20001111\Android-AutoTest\auto-test\src\main\java\com\hudou\autotest\base\activity\AutoTestMainActivity.java:57: 错误: 找不到符号
public abstract class AutoTestMainActivity extends AppCompatActivity implements IAutoTestCore {
                                                   ^
  符号: 类 AppCompatActivity
D:\GitHub\LYH20001111\Android-AutoTest\auto-test\src\main\java\com\hudou\autotest\base\activity\IAutoTestCore.java:3: 错误: 程序包androidx.fragment.app不存在
import androidx.fragment.app.Fragment;
                            ^
D:\GitHub\LYH20001111\Android-AutoTest\auto-test\src\main\java\com\hudou\autotest\util\SynchronizedMutableLiveData.java:8: 错误: 程序包androidx.lifecycle不存在
import androidx.lifecycle.LifecycleOwner;
                         ^
D:\GitHub\LYH20001111\Android-AutoTest\auto-test\src\main\java\com\hudou\autotest\util\SynchronizedMutableLiveData.java:9: 错误: 程序包androidx.lifecycle不存在
import androidx.lifecycle.MutableLiveData;
                         ^
D:\GitHub\LYH20001111\Android-AutoTest\auto-test\src\main\java\com\hudou\autotest\util\SynchronizedMutableLiveData.java:10: 错误: 程序包androidx.lifecycle不存在
import androidx.lifecycle.Observer;
                         ^
D:\GitHub\LYH20001111\Android-AutoTest\auto-test\src\main\java\com\hudou\autotest\util\SynchronizedMutableLiveData.java:15: 错误: 找不到符号
public class SynchronizedMutableLiveData<T> extends MutableLiveData<T> {
                                                    ^
  符号: 类 MutableLiveData
D:\GitHub\LYH20001111\Android-AutoTest\auto-test\src\main\java\com\hudou\autotest\base\activity\AutoTestMainActivity.java:63: 错误: 找不到符号
    private static List<Fragment> finalFragmentList;
                        ^
  符号:   类 Fragment
  位置: 类 AutoTestMainActivity
D:\GitHub\LYH20001111\Android-AutoTest\auto-test\src\main\java\com\hudou\autotest\database\db\AppDatabase.java:5: 错误: 程序包androidx.room不存在
import androidx.room.Database;
                    ^
D:\GitHub\LYH20001111\Android-AutoTest\auto-test\src\main\java\com\hudou\autotest\database\db\AppDatabase.java:6: 错误: 程序包androidx.room不存在
import androidx.room.Room;
                    ^
D:\GitHub\LYH20001111\Android-AutoTest\auto-test\src\main\java\com\hudou\autotest\database\db\AppDatabase.java:7: 错误: 程序包androidx.room不存在
import androidx.room.RoomDatabase;
                    ^
D:\GitHub\LYH20001111\Android-AutoTest\auto-test\src\main\java\com\hudou\autotest\database\db\AppDatabase.java:14: 错误: 找不到符号
public abstract class AppDatabase extends RoomDatabase {
                                          ^
  符号: 类 RoomDatabase
D:\GitHub\LYH20001111\Android-AutoTest\auto-test\src\main\java\com\hudou\autotest\database\db\AppDatabase.java:13: 错误: 找不到符号
@Database(entities = {ResultItemEntity.class, ResultDataEntity.class}, version = 1, exportSchema = false)
 ^
  符号: 类 Database
D:\GitHub\LYH20001111\Android-AutoTest\auto-test\src\main\java\com\hudou\autotest\base\activity\AutoTestMainActivity.java:229: 错误: 找不到符号
    private List<Fragment> getFragments() {
                 ^
  符号:   类 Fragment
  位置: 类 AutoTestMainActivity
D:\GitHub\LYH20001111\Android-AutoTest\auto-test\src\main\java\com\hudou\autotest\database\dao\ResultDao.java:3: 错误: 程序包androidx.room不存在
import androidx.room.Dao;
                    ^
D:\GitHub\LYH20001111\Android-AutoTest\auto-test\src\main\java\com\hudou\autotest\database\dao\ResultDao.java:4: 错误: 程序包androidx.room不存在
import androidx.room.Insert;
                    ^
D:\GitHub\LYH20001111\Android-AutoTest\auto-test\src\main\java\com\hudou\autotest\database\dao\ResultDao.java:5: 错误: 程序包androidx.room不存在
import androidx.room.OnConflictStrategy;
                    ^
D:\GitHub\LYH20001111\Android-AutoTest\auto-test\src\main\java\com\hudou\autotest\database\dao\ResultDao.java:6: 错误: 程序包androidx.room不存在
import androidx.room.Query;
                    ^
D:\GitHub\LYH20001111\Android-AutoTest\auto-test\src\main\java\com\hudou\autotest\database\dao\ResultDao.java:7: 错误: 程序包androidx.room不存在
import androidx.room.Transaction;
                    ^
D:\GitHub\LYH20001111\Android-AutoTest\auto-test\src\main\java\com\hudou\autotest\database\dao\ResultDao.java:14: 错误: 找不到符号
@Dao
 ^
  符号: 类 Dao
D:\GitHub\LYH20001111\Android-AutoTest\auto-test\src\main\java\com\hudou\autotest\database\entity\ResultItemEntity.java:3: 错误: 程序包androidx.room不存在
import androidx.room.ColumnInfo;
                    ^
D:\GitHub\LYH20001111\Android-AutoTest\auto-test\src\main\java\com\hudou\autotest\database\entity\ResultItemEntity.java:4: 错误: 程序包androidx.room不存在
import androidx.room.Entity;
                    ^
D:\GitHub\LYH20001111\Android-AutoTest\auto-test\src\main\java\com\hudou\autotest\database\entity\ResultItemEntity.java:5: 错误: 程序包androidx.room不存在
import androidx.room.Index;
                    ^
D:\GitHub\LYH20001111\Android-AutoTest\auto-test\src\main\java\com\hudou\autotest\database\entity\ResultItemEntity.java:6: 错误: 程序包androidx.room不存在
import androidx.room.PrimaryKey;
                    ^
D:\GitHub\LYH20001111\Android-AutoTest\auto-test\src\main\java\com\hudou\autotest\database\entity\ResultItemEntity.java:8: 错误: 找不到符号
@Entity(
 ^
  符号: 类 Entity
D:\GitHub\LYH20001111\Android-AutoTest\auto-test\src\main\java\com\hudou\autotest\database\entity\ResultDataEntity.java:3: 错误: 程序包androidx.room不存在
import androidx.room.Entity;
                    ^
D:\GitHub\LYH20001111\Android-AutoTest\auto-test\src\main\java\com\hudou\autotest\database\entity\ResultDataEntity.java:4: 错误: 程序包androidx.room不存在
import androidx.room.ForeignKey;
                    ^
D:\GitHub\LYH20001111\Android-AutoTest\auto-test\src\main\java\com\hudou\autotest\database\entity\ResultDataEntity.java:5: 错误: 程序包androidx.room不存在
import androidx.room.Index;
                    ^
D:\GitHub\LYH20001111\Android-AutoTest\auto-test\src\main\java\com\hudou\autotest\database\entity\ResultDataEntity.java:6: 错误: 程序包androidx.room不存在
import androidx.room.PrimaryKey;
                    ^
D:\GitHub\LYH20001111\Android-AutoTest\auto-test\src\main\java\com\hudou\autotest\database\entity\ResultDataEntity.java:8: 错误: 找不到符号
@Entity(
 ^
  符号: 类 Entity
D:\GitHub\LYH20001111\Android-AutoTest\auto-test\src\main\java\com\hudou\autotest\util\SynchronizedMutableLiveData.java:42: 错误: 找不到符号
    public void observe(@NonNull LifecycleOwner owner, @NonNull Observer<? super T> observer) {
                                 ^
  符号:   类 LifecycleOwner
  位置: 类 SynchronizedMutableLiveData<T>
  其中, T是类型变量:
    T扩展已在类 SynchronizedMutableLiveData中声明的Object
D:\GitHub\LYH20001111\Android-AutoTest\auto-test\src\main\java\com\hudou\autotest\util\SynchronizedMutableLiveData.java:42: 错误: 找不到符号
    public void observe(@NonNull LifecycleOwner owner, @NonNull Observer<? super T> observer) {
                                                                ^
  符号:   类 Observer
  位置: 类 SynchronizedMutableLiveData<T>
  其中, T是类型变量:
    T扩展已在类 SynchronizedMutableLiveData中声明的Object
D:\GitHub\LYH20001111\Android-AutoTest\auto-test\src\main\java\com\hudou\autotest\base\activity\IAutoTestCore.java:8: 错误: 找不到符号
    void addNavigationFragment(List<Fragment> list);
                                    ^
  符号:   类 Fragment
  位置: 接口 IAutoTestCore
D:\GitHub\LYH20001111\Android-AutoTest\auto-test\src\main\java\com\hudou\autotest\adapter\MyViewPager.java:10: 错误: 程序包androidx.viewpager.widget不存在
import androidx.viewpager.widget.ViewPager;
                                ^
D:\GitHub\LYH20001111\Android-AutoTest\auto-test\src\main\java\com\hudou\autotest\adapter\MyViewPager.java:14: 错误: 找不到符号
public class MyViewPager extends ViewPager {
                                 ^
  符号: 类 ViewPager
D:\GitHub\LYH20001111\Android-AutoTest\auto-test\src\main\java\com\hudou\autotest\adapter\TableAdapter.java:9: 错误: 程序包androidx.recyclerview.widget不存在
import androidx.recyclerview.widget.RecyclerView;
                                   ^
D:\GitHub\LYH20001111\Android-AutoTest\auto-test\src\main\java\com\hudou\autotest\adapter\TableAdapter.java:16: 错误: 程序包RecyclerView不存在
public class TableAdapter extends RecyclerView.Adapter<TableAdapter.ViewHolder> {
                                              ^
D:\GitHub\LYH20001111\Android-AutoTest\auto-test\src\main\java\com\hudou\autotest\adapter\TableAdapter.java:44: 错误: 程序包RecyclerView不存在
    public static class ViewHolder extends RecyclerView.ViewHolder {
                                                       ^
D:\GitHub\LYH20001111\Android-AutoTest\auto-test\src\main\java\com\hudou\autotest\base\item\AutoTestTestItem.java:16: 错误: 程序包org.jetbrains.annotations不存在
import org.jetbrains.annotations.NotNull;
                                ^
D:\GitHub\LYH20001111\Android-AutoTest\auto-test\src\main\java\com\hudou\autotest\base\activity\AutoTestSplashActivity.java:12: 错误: 程序包androidx.appcompat.app不存在
import androidx.appcompat.app.AppCompatActivity;
                             ^
D:\GitHub\LYH20001111\Android-AutoTest\auto-test\src\main\java\com\hudou\autotest\base\activity\AutoTestSplashActivity.java:13: 错误: 程序包androidx.core.splashscreen不存在
import androidx.core.splashscreen.SplashScreen;
                                 ^
D:\GitHub\LYH20001111\Android-AutoTest\auto-test\src\main\java\com\hudou\autotest\base\activity\AutoTestSplashActivity.java:33: 错误: 找不到符号
public abstract class AutoTestSplashActivity extends AppCompatActivity implements IAutoTestSplash {
                                                     ^
  符号: 类 AppCompatActivity
D:\GitHub\LYH20001111\Android-AutoTest\auto-test\src\main\java\com\hudou\autotest\fragment\AutoTestSettingFragment.java:24: 错误: 程序包androidx.core.content不存在
import androidx.core.content.ContextCompat;
                            ^
D:\GitHub\LYH20001111\Android-AutoTest\auto-test\src\main\java\com\hudou\autotest\fragment\AutoTestTestListFragment.java:3: 错误: 程序包androidx.recyclerview.widget不存在
import androidx.recyclerview.widget.LinearLayoutManager;
                                   ^
D:\GitHub\LYH20001111\Android-AutoTest\auto-test\src\main\java\com\hudou\autotest\fragment\AutoTestTestListFragment.java:4: 错误: 程序包androidx.recyclerview.widget不存在
import androidx.recyclerview.widget.RecyclerView;
                                   ^
D:\GitHub\LYH20001111\Android-AutoTest\auto-test\build\generated\data_binding_base_class_source_out\release\out\com\hudou\autotest\databinding\AutoTestTestListFragmentBinding.java:12: 错误: 程序包androidx.recyclerview.widget不存在
import androidx.recyclerview.widget.RecyclerView;
                                   ^
D:\GitHub\LYH20001111\Android-AutoTest\auto-test\build\generated\data_binding_base_class_source_out\release\out\com\hudou\autotest\databinding\AutoTestTestListFragmentBinding.java:28: 错误: 找不到符号
  public final RecyclerView rvType;
               ^
  符号:   类 RecyclerView
  位置: 类 AutoTestTestListFragmentBinding
D:\GitHub\LYH20001111\Android-AutoTest\auto-test\build\generated\data_binding_base_class_source_out\release\out\com\hudou\autotest\databinding\AutoTestTestListFragmentBinding.java:37: 错误: 找不到符号
      @NonNull RelativeLayout paymentService, @NonNull RecyclerView rvType,
                                                       ^
  符号:   类 RecyclerView
  位置: 类 AutoTestTestListFragmentBinding
D:\GitHub\LYH20001111\Android-AutoTest\auto-test\src\main\java\com\hudou\autotest\fragment\Dialog.java:17: 错误: 程序包androidx.recyclerview.widget不存在
import androidx.recyclerview.widget.LinearLayoutManager;
                                   ^
D:\GitHub\LYH20001111\Android-AutoTest\auto-test\src\main\java\com\hudou\autotest\fragment\Dialog.java:18: 错误: 程序包androidx.recyclerview.widget不存在
import androidx.recyclerview.widget.RecyclerView;
                                   ^
D:\GitHub\LYH20001111\Android-AutoTest\auto-test\src\main\java\com\hudou\autotest\fragment\Dialog.java:415: 错误: 程序包androidx.appcompat.app不存在
    private static androidx.appcompat.app.AlertDialog loadingAlertDialog;
                                         ^
D:\GitHub\LYH20001111\Android-AutoTest\auto-test\src\main\java\com\hudou\autotest\fragment\ExecutionDetailsFragment.java:17: 错误: 程序包androidx.activity不存在
import androidx.activity.OnBackPressedCallback;
                        ^
D:\GitHub\LYH20001111\Android-AutoTest\auto-test\src\main\java\com\hudou\autotest\fragment\ExecutionDetailsFragment.java:21: 错误: 程序包androidx.fragment.app不存在
import androidx.fragment.app.FragmentManager;
                            ^
D:\GitHub\LYH20001111\Android-AutoTest\auto-test\src\main\java\com\hudou\autotest\fragment\ExecutionDetailsFragment.java:44: 错误: 找不到符号
    private OnBackPressedCallback onBackPressedCallback;
            ^
  符号:   类 OnBackPressedCallback
  位置: 类 ExecutionDetailsFragment
D:\GitHub\LYH20001111\Android-AutoTest\auto-test\src\main\java\com\hudou\autotest\fragment\ExecutionFragment.java:16: 错误: 程序包androidx.fragment.app不存在
import androidx.fragment.app.FragmentManager;
                            ^
D:\GitHub\LYH20001111\Android-AutoTest\auto-test\build\generated\data_binding_base_class_source_out\release\out\com\hudou\autotest\databinding\AutoTestExecutionFragmentBinding.java:14: 错误: 程序包com.google.android.material.button不存在
import com.google.android.material.button.MaterialButton;
                                         ^
D:\GitHub\LYH20001111\Android-AutoTest\auto-test\build\generated\data_binding_base_class_source_out\release\out\com\hudou\autotest\databinding\AutoTestExecutionFragmentBinding.java:26: 错误: 找不到符号
  public final MaterialButton btnBeginId;
               ^
  符号:   类 MaterialButton
  位置: 类 AutoTestExecutionFragmentBinding
D:\GitHub\LYH20001111\Android-AutoTest\auto-test\build\generated\data_binding_base_class_source_out\release\out\com\hudou\autotest\databinding\AutoTestExecutionFragmentBinding.java:29: 错误: 找不到符号
  public final MaterialButton btnEndId;
               ^
  符号:   类 MaterialButton
  位置: 类 AutoTestExecutionFragmentBinding
D:\GitHub\LYH20001111\Android-AutoTest\auto-test\build\generated\data_binding_base_class_source_out\release\out\com\hudou\autotest\databinding\AutoTestExecutionFragmentBinding.java:65: 错误: 找不到符号
      @NonNull MaterialButton btnBeginId, @NonNull MaterialButton btnEndId,
               ^
  符号:   类 MaterialButton
  位置: 类 AutoTestExecutionFragmentBinding
D:\GitHub\LYH20001111\Android-AutoTest\auto-test\build\generated\data_binding_base_class_source_out\release\out\com\hudou\autotest\databinding\AutoTestExecutionFragmentBinding.java:65: 错误: 找不到符号
      @NonNull MaterialButton btnBeginId, @NonNull MaterialButton btnEndId,
                                                   ^
  符号:   类 MaterialButton
  位置: 类 AutoTestExecutionFragmentBinding
D:\GitHub\LYH20001111\Android-AutoTest\auto-test\src\main\java\com\hudou\autotest\report\excel\ExcelUtils.java:31: 错误: 程序包jxl不存在
import jxl.Workbook;
          ^
注: 某些输入文件使用或覆盖了已过时的 API。
注: 有关详细信息, 请使用 -Xlint:deprecation 重新编译。
注: 某些输入文件使用了未经检查或不安全的操作。
注: 有关详细信息, 请使用 -Xlint:unchecked 重新编译。
注: 某些消息已经过简化; 请使用 -Xdiags:verbose 重新编译以获得完整输出
100 个错误
仅显示前 100 个错误（共 518 个）；若要查看更多错误，请使用 -Xmaxerrs

FAILURE: Build failed with an exception.

* What went wrong:
Execution failed for task ':auto-test:compileReleaseJavaWithJavac'.
> Compilation failed; see the compiler error output for details.

* Try:
> Run with --info option to get more log output.
> Run with --scan to get full insights.

BUILD FAILED in 12s
14 actionable tasks: 1 executed, 13 up-to-date
